>>> add_integer = __import__('0-add_integer').add_integer

>>> add_integer(1, 2)
3
>>> add_integer(100, -2)
98
>>> add_integer(2)
100
>>> add_integer(100.2, -2)
98
>>> add_integer(100.2, 2.358)
102
>>> add_integer('a', 'b')
Traceback (most recent call last):
  ...
    raise TypeError ("a must be an integer")
TypeError: a must be an integer
>>> add_integer('a', 2)
Traceback (most recent call last):
  ...
    raise TypeError ("a must be an integer")
TypeError: a must be an integer
>>> add_integer(1, "b")
Traceback (most recent call last):
  ...
    raise TypeError ("b must be an integer")
TypeError: b must be an integer
>>> add_integer()
Traceback (most recent call last):
  ...
    print(add_integer())
TypeError: add_integer() missing 1 required positional argument: 'a'
>>> add_integer(1)
99

>>> len(__import__("0-add_integer").__doc__) >5
True
>>> len(__import__("0-add_integer").add_integer.__doc__) > 5
True
